/home/duino/Videos/3/disdata/negetive/101.jpg
/home/duino/Videos/3/disdata/negetive/106.jpg
/home/duino/Videos/3/disdata/negetive/138.jpg
/home/duino/Videos/3/disdata/negetive/17.jpg
/home/duino/Videos/3/disdata/negetive/191.jpg
/home/duino/Videos/3/disdata/negetive/227.jpg
/home/duino/Videos/3/disdata/negetive/228.jpg
/home/duino/Videos/3/disdata/negetive/272.jpg
/home/duino/Videos/3/disdata/negetive/275.jpg
/home/duino/Videos/3/disdata/negetive/277.jpg
/home/duino/Videos/3/disdata/negetive/278.jpg
/home/duino/Videos/3/disdata/negetive/296.jpg
/home/duino/Videos/3/disdata/negetive/307.jpg
/home/duino/Videos/3/disdata/negetive/31.jpg
/home/duino/Videos/3/disdata/negetive/409.jpg
/home/duino/Videos/3/disdata/negetive/472.jpg
/home/duino/Videos/3/disdata/negetive/69.jpg
/home/duino/Videos/3/disdata/negetive/70.jpg
/home/duino/Videos/3/disdata/negetive/71.jpg
/home/duino/Videos/3/disdata/negetive/78.jpg
/home/duino/Videos/3/disdata/negetive/84.jpg
/home/duino/Videos/3/disdata/negetive/86.jpg
